../Core/Src/can.c:56:16:CAN_ClampS16	16	static
../Core/Src/can.c:68:17:CAN_ClampU16	16	static
../Core/Src/can.c:80:17:CAN_ClampU32	16	static
../Core/Src/can.c:92:16:CAN_ClampS32	16	static
../Core/Src/can.c:104:13:CAN_PackS16LE	16	static
../Core/Src/can.c:109:13:CAN_PackU16LE	16	static
../Core/Src/can.c:114:13:CAN_PackS32LE	24	static
../Core/Src/can.c:121:13:CAN_PackU32LE	24	static
../Core/Src/can.c:128:16:CAN_Digit	16	static
../Core/Src/can.c:136:17:CAN_ParseUtcMsOfDay	48	static
../Core/Src/can.c:164:17:CAN_ParseUtcDateYymmdd	40	static
../Core/Src/can.c:182:16:CAN_GpsErrorFlags	16	static
../Core/Src/can.c:200:26:CAN_Send	24	static
../Core/Src/can.c:219:13:CAN_SendImuAccel	16	static
../Core/Src/can.c:238:13:CAN_SendImuAtt	16	static
../Core/Src/can.c:262:13:CAN_SendGpsCogTimesync	16	static
../Core/Src/can.c:280:13:CAN_SendGpsCogPos	32	static
../Core/Src/can.c:307:13:CAN_SendGpsCogNav	40	static
../Core/Src/can.c:342:13:CAN_SendGpsCogImu	40	static
../Core/Src/can.c:382:13:CAN_SendImuFd	88	static
../Core/Src/can.c:494:19:CAN_Init	40	static
../Core/Src/can.c:557:6:CAN_SetImuStatus	16	static
../Core/Src/can.c:562:6:CAN_Process	16	static
