../Core/Src/can.c:114:16:CAN_ClampS16	16	static
../Core/Src/can.c:129:17:CAN_ClampU16	16	static
../Core/Src/can.c:144:17:CAN_ClampU32	16	static
../Core/Src/can.c:159:16:CAN_ClampS32	16	static
../Core/Src/can.c:174:13:CAN_PackS16LE	16	static
../Core/Src/can.c:180:13:CAN_PackU16LE	16	static
../Core/Src/can.c:186:13:CAN_PackS32LE	24	static
../Core/Src/can.c:194:13:CAN_PackU32LE	24	static
../Core/Src/can.c:202:16:CAN_Digit	16	static
../Core/Src/can.c:212:17:CAN_ParseUtcMsOfDay	48	static
../Core/Src/can.c:239:17:CAN_ParseUtcDateYymmdd	40	static
../Core/Src/can.c:260:16:CAN_GpsErrorFlags	16	static
../Core/Src/can.c:282:26:CAN_TryHalSend	24	static
../Core/Src/can.c:300:13:CAN_DrainTxQueue	16	static,ignoring_inline_asm
../Core/Src/can.c:329:16:CAN_TxDataLengthBytes	16	static
../Core/Src/can.c:353:26:CAN_Send	32	static,ignoring_inline_asm
../Core/Src/can.c:405:13:CAN_DumpStatus	328	static
../Core/Src/can.c:459:13:CAN_SendImuAccel	16	static
../Core/Src/can.c:479:13:CAN_SendImuAtt	16	static
../Core/Src/can.c:504:13:CAN_SendGpsCogTimesync	16	static
../Core/Src/can.c:523:13:CAN_SendGpsCogPos	32	static
../Core/Src/can.c:551:13:CAN_SendGpsCogNav	40	static
../Core/Src/can.c:587:13:CAN_SendGpsCogImu	40	static
../Core/Src/can.c:628:16:DetectStationaryByVariance	48	static
../Core/Src/can.c:654:13:CAN_UpdateVelocity	176	static
../Core/Src/can.c:858:13:CAN_SendImuFd	88	static
../Core/Src/can.c:986:19:CAN_Init	40	static
../Core/Src/can.c:1057:6:CAN_SetImuStatus	16	static
../Core/Src/can.c:1063:6:CAN_Process	16	static
../Core/Src/can.c:1125:6:HAL_FDCAN_RxFifo0Callback	136	static
