../Core/Src/gps.c:50:13:GPS_AllowImmediateRetry	8	static
../Core/Src/gps.c:55:17:GPS_NextIndex	16	static
../Core/Src/gps.c:60:13:GPS_UpdateUartDiagState	4	static
../Core/Src/gps.c:79:13:GPS_SampleRxPinLevel	16	static
../Core/Src/gps.c:92:13:GPS_ResetRxState	8	static
../Core/Src/gps.c:102:26:GPS_RearmReceiveIT	16	static
../Core/Src/gps.c:127:26:GPS_SendCommand	104	static
../Core/Src/gps.c:164:13:GPS_DebugMirrorSentence	24	static
../Core/Src/gps.c:179:13:GPS_PushByte	24	static
../Core/Src/gps.c:193:17:GPS_SplitFields	32	static
../Core/Src/gps.c:225:14:GPS_ParseLatitude	32	static
../Core/Src/gps.c:250:14:GPS_ParseLongitude	32	static
../Core/Src/gps.c:275:13:GPS_ParseRMC	232	static
../Core/Src/gps.c:302:13:GPS_ParseGGA	232	static
../Core/Src/gps.c:328:13:GPS_ParseVTG	232	static
../Core/Src/gps.c:349:13:GPS_ParsePQTMTAR	216	static
../Core/Src/gps.c:382:13:GPS_ParsePAIR001	184	static
../Core/Src/gps.c:401:13:GPS_ParsePQTMCFGMSGRATE	192	static
../Core/Src/gps.c:478:13:GPS_HandleSentence	16	static
../Core/Src/gps.c:511:19:GPS_Init	48	static
../Core/Src/gps.c:624:19:GPS_StartReceiveIT	16	static
../Core/Src/gps.c:642:6:GPS_UART_RxCpltCallback	16	static
../Core/Src/gps.c:658:6:GPS_Process	16	static
../Core/Src/gps.c:694:13:GPS_ProcessPendingBytes	16	static
