../Drivers/CMSIS/Include/core_cm33.h:2146:26:__NVIC_GetEnableIRQ	16	static
../Core/Src/gps.c:123:6:GPS_DebugMirror	16	static
../Core/Src/gps.c:145:15:GPS_BoundedStringLength	24	static
../Core/Src/gps.c:162:13:GPS_BuildCommandFromText	32	static
../Core/Src/gps.c:203:13:GPS_SetInitStage	16	static
../Core/Src/gps.c:215:13:GPS_ScheduleInitStageImmediate	16	static
../Core/Src/gps.c:222:13:GPS_CountInitRetry	16	static
../Core/Src/gps.c:246:16:GPS_RunTransportPreflight	16	static
../Core/Src/gps.c:286:13:GPS_SendStandardNmeaEnableCommands	8	static
../Core/Src/gps.c:314:17:GPS_NextIndex	16	static
../Core/Src/gps.c:319:17:GPS_NextUart2TxIndex	16	static
../Core/Src/gps.c:324:13:GPS_UpdateUartDiagState	4	static
../Core/Src/gps.c:343:13:GPS_SampleRxPinLevel	16	static
../Core/Src/gps.c:356:13:GPS_ResetRxState	8	static
../Core/Src/gps.c:374:13:GPS_AdvanceInitStage	8	static
../Core/Src/gps.c:398:13:GPS_RequestInitRetry	16	static
../Core/Src/gps.c:411:26:GPS_SendInitCommandForStage	24	static
../Core/Src/gps.c:440:13:GPS_ProcessInitStateMachine	16	static
../Core/Src/gps.c:462:26:GPS_StartReceiveDma	16	static
../Core/Src/gps.c:500:13:GPS_DrainRxDma	16	static
../Core/Src/gps.c:565:13:GPS_QueueMirrorBytesToUart2	32	static,ignoring_inline_asm
../Core/Src/gps.c:606:13:GPS_KickUart2Tx	32	static,ignoring_inline_asm
../Core/Src/gps.c:663:26:GPS_TransmitDmaSync	32	static
../Core/Src/gps.c:719:26:GPS_SendCommand	48	static
../Core/Src/gps.c:747:13:GPS_HandleInitSentence	24	static
../Core/Src/gps.c:814:13:GPS_MirrorCommandToUart2	96	static
../Core/Src/gps.c:842:13:GPS_MirrorSentenceToUart2	160	static
../Core/Src/gps.c:872:13:GPS_MirrorDataCsvToUart2	4	static
../Core/Src/gps.c:906:13:GPS_PushByte	24	static
../Core/Src/gps.c:920:17:GPS_SplitFields	32	static
../Core/Src/gps.c:950:14:GPS_ParseLatitude	32	static
../Core/Src/gps.c:975:14:GPS_ParseLongitude	32	static
../Core/Src/gps.c:1000:13:GPS_ParseRMC	232	static
../Core/Src/gps.c:1027:13:GPS_ParseGGA	232	static
../Core/Src/gps.c:1053:13:GPS_ParseVTG	232	static
../Core/Src/gps.c:1074:13:GPS_ParsePQTMTAR	216	static
../Core/Src/gps.c:1107:13:GPS_ParsePAIR001	184	static
../Core/Src/gps.c:1126:13:GPS_ParsePQTMCFGMSGRATE	192	static
../Core/Src/gps.c:1192:13:GPS_HandleSentence	16	static
../Core/Src/gps.c:1227:19:GPS_Init	16	static
../Core/Src/gps.c:1298:19:GPS_StartReceiveIT	16	static
../Core/Src/gps.c:1316:6:GPS_UART_RxHalfCpltCallback	16	static
../Core/Src/gps.c:1326:6:GPS_UART_RxCpltCallback	16	static
../Core/Src/gps.c:1336:6:GPS_UART_TxCpltCallback	16	static
../Core/Src/gps.c:1355:6:GPS_Process	16	static
../Core/Src/gps.c:1369:13:GPS_ProcessLiveCommandText	144	static
../Core/Src/gps.c:1391:13:GPS_ProcessLiveCommand	144	static
../Core/Src/gps.c:1423:13:GPS_ProcessPendingBytes	16	static
