../Core/Src/gps.c:90:15:GPS_BoundedStringLength	24	static
../Core/Src/gps.c:107:13:GPS_BuildCommandFromText	32	static
../Core/Src/gps.c:148:13:GPS_AllowImmediateRetry	8	static
../Core/Src/gps.c:153:17:GPS_NextIndex	16	static
../Core/Src/gps.c:158:17:GPS_NextUart2TxIndex	16	static
../Core/Src/gps.c:163:13:GPS_UpdateUartDiagState	4	static
../Core/Src/gps.c:182:16:GPS_ReadActiveRxPinLevel	16	static
../Core/Src/gps.c:202:13:GPS_SampleRxPinLevel	16	static
../Core/Src/gps.c:215:13:GPS_ResetRxState	8	static
../Core/Src/gps.c:231:26:GPS_StartReceiveDma	16	static
../Core/Src/gps.c:258:13:GPS_DrainRxDma	16	static
../Core/Src/gps.c:307:13:GPS_QueueMirrorBytesToUart2	32	static,ignoring_inline_asm
../Core/Src/gps.c:348:13:GPS_KickUart2Tx	32	static,ignoring_inline_asm
../Core/Src/gps.c:405:26:GPS_TransmitDmaSync	32	static
../Core/Src/gps.c:461:26:GPS_SendCommand	48	static
../Core/Src/gps.c:489:13:GPS_MirrorCommandToUart2	96	static
../Core/Src/gps.c:517:13:GPS_MirrorSentenceToUart2	152	static
../Core/Src/gps.c:544:13:GPS_MirrorDataCsvToUart2	4	static
../Core/Src/gps.c:578:13:GPS_PushByte	24	static
../Core/Src/gps.c:592:17:GPS_SplitFields	32	static
../Core/Src/gps.c:624:14:GPS_ParseLatitude	32	static
../Core/Src/gps.c:649:14:GPS_ParseLongitude	32	static
../Core/Src/gps.c:674:13:GPS_ParseRMC	232	static
../Core/Src/gps.c:701:13:GPS_ParseGGA	232	static
../Core/Src/gps.c:727:13:GPS_ParseVTG	232	static
../Core/Src/gps.c:748:13:GPS_ParsePQTMTAR	216	static
../Core/Src/gps.c:781:13:GPS_ParsePAIR001	184	static
../Core/Src/gps.c:800:13:GPS_ParsePQTMCFGMSGRATE	192	static
../Core/Src/gps.c:878:13:GPS_HandleSentence	16	static
../Core/Src/gps.c:911:19:GPS_Init	48	static
../Core/Src/gps.c:1053:19:GPS_StartReceiveIT	16	static
../Core/Src/gps.c:1071:6:GPS_UART_RxHalfCpltCallback	16	static
../Core/Src/gps.c:1081:6:GPS_UART_RxCpltCallback	16	static
../Core/Src/gps.c:1091:6:GPS_UART_TxCpltCallback	16	static
../Core/Src/gps.c:1110:6:GPS_Process	16	static
../Core/Src/gps.c:1157:13:GPS_ProcessLiveCommandText	144	static
../Core/Src/gps.c:1179:13:GPS_ProcessLiveCommand	144	static
../Core/Src/gps.c:1211:13:GPS_ProcessPendingBytes	16	static
