../Core/Src/gps.c:25:17:GPS_NextIndex	16	static
../Core/Src/gps.c:30:13:GPS_UpdateUartDiagState	4	static
../Core/Src/gps.c:49:13:GPS_SampleRxPinLevel	16	static
../Core/Src/gps.c:62:13:GPS_ResetRxState	8	static
../Core/Src/gps.c:72:26:GPS_RearmReceiveIT	16	static
../Core/Src/gps.c:97:26:GPS_SendCommand	32	static
../Core/Src/gps.c:120:13:GPS_PushByte	24	static
../Core/Src/gps.c:134:17:GPS_SplitFields	32	static
../Core/Src/gps.c:166:14:GPS_ParseLatitude	32	static
../Core/Src/gps.c:191:14:GPS_ParseLongitude	32	static
../Core/Src/gps.c:216:13:GPS_ParseRMC	232	static
../Core/Src/gps.c:243:13:GPS_ParseGGA	232	static
../Core/Src/gps.c:269:13:GPS_ParseVTG	232	static
../Core/Src/gps.c:290:13:GPS_ParsePQTMTAR	216	static
../Core/Src/gps.c:323:13:GPS_HandleSentence	16	static
../Core/Src/gps.c:359:19:GPS_Init	16	static
../Core/Src/gps.c:393:19:GPS_StartReceiveIT	16	static
../Core/Src/gps.c:420:6:GPS_UART_RxCpltCallback	16	static
../Core/Src/gps.c:431:6:GPS_Process	16	static
