../Core/Src/gps.c:40:17:split_fields	32	static
../Core/Src/gps.c:60:14:parse_lat	32	static
../Core/Src/gps.c:74:14:parse_lon	32	static
../Core/Src/gps.c:90:13:dbg_kick	32	static,ignoring_inline_asm
../Core/Src/gps.c:129:13:dbg_push	32	static,ignoring_inline_asm
../Core/Src/gps.c:153:6:GPS_DebugMirror	16	static
../Core/Src/gps.c:160:13:parse_rmc	96	static
../Core/Src/gps.c:176:13:parse_pqtmtar	88	static
../Core/Src/gps.c:193:13:parse_gga	96	static
../Core/Src/gps.c:209:13:parse_vtg	96	static
../Core/Src/gps.c:222:13:handle_sentence	288	static
../Core/Src/gps.c:252:13:feed_byte	16	static
../Core/Src/gps.c:279:13:drain_dma	24	static,ignoring_inline_asm
../Core/Src/gps.c:324:26:start_rx_dma	16	static
../Core/Src/gps.c:347:19:GPS_Init	16	static
../Core/Src/gps.c:380:6:GPS_Process	8	static
../Core/Src/gps.c:386:6:GPS_UART_RxHalfCpltCallback	16	static
../Core/Src/gps.c:392:6:GPS_UART_RxCpltCallback	16	static
../Core/Src/gps.c:398:6:GPS_UART_TxCpltCallback	16	static
../Core/Src/gps.c:406:6:GPS_ErrorRestart	8	static
