../Core/Src/gps.c:53:13:GPS_AllowImmediateRetry	8	static
../Core/Src/gps.c:58:17:GPS_NextIndex	16	static
../Core/Src/gps.c:63:13:GPS_UpdateUartDiagState	4	static
../Core/Src/gps.c:82:13:GPS_SampleRxPinLevel	16	static
../Core/Src/gps.c:95:13:GPS_ResetRxState	8	static
../Core/Src/gps.c:105:26:GPS_RearmReceiveIT	16	static
../Core/Src/gps.c:130:26:GPS_SendCommand	32	static
../Core/Src/gps.c:155:13:GPS_MirrorCommandToUart2	96	static
../Core/Src/gps.c:183:13:GPS_MirrorSentenceToUart2	24	static
../Core/Src/gps.c:202:13:GPS_MirrorDataCsvToUart2	4	static
../Core/Src/gps.c:236:13:GPS_PushByte	24	static
../Core/Src/gps.c:250:17:GPS_SplitFields	32	static
../Core/Src/gps.c:282:14:GPS_ParseLatitude	32	static
../Core/Src/gps.c:307:14:GPS_ParseLongitude	32	static
../Core/Src/gps.c:332:13:GPS_ParseRMC	232	static
../Core/Src/gps.c:359:13:GPS_ParseGGA	232	static
../Core/Src/gps.c:385:13:GPS_ParseVTG	232	static
../Core/Src/gps.c:406:13:GPS_ParsePQTMTAR	216	static
../Core/Src/gps.c:439:13:GPS_ParsePAIR001	184	static
../Core/Src/gps.c:458:13:GPS_ParsePQTMCFGMSGRATE	192	static
../Core/Src/gps.c:535:13:GPS_HandleSentence	16	static
../Core/Src/gps.c:568:19:GPS_Init	48	static
../Core/Src/gps.c:681:19:GPS_StartReceiveIT	16	static
../Core/Src/gps.c:699:6:GPS_UART_RxCpltCallback	16	static
../Core/Src/gps.c:715:6:GPS_Process	16	static
../Core/Src/gps.c:751:13:GPS_ProcessPendingBytes	16	static
