../Core/Src/gps.c:79:17:GPS_NextIndex	16	static
../Core/Src/gps.c:84:17:GPS_SplitFields	32	static
../Core/Src/gps.c:116:14:GPS_ParseLatitude	32	static
../Core/Src/gps.c:141:14:GPS_ParseLongitude	32	static
../Core/Src/gps.c:166:13:GPS_ParseRMC	232	static
../Core/Src/gps.c:193:13:GPS_ParseGGA	232	static
../Core/Src/gps.c:219:13:GPS_ParseVTG	232	static
../Core/Src/gps.c:240:13:GPS_ParsePQTMTAR	248	static
../Core/Src/gps.c:345:13:GPS_ParsePQTMResponse	16	static
../Core/Src/gps.c:408:13:GPS_HandleSentence	16	static
../Core/Src/gps.c:439:19:GPS_Init	16	static
../Core/Src/gps.c:515:19:GPS_StartReceiveIT	8	static
../Core/Src/gps.c:525:6:GPS_UART_RxCpltCallback	24	static
../Core/Src/gps.c:548:6:GPS_Process	16	static
