../Core/Src/gps.c:26:17:GPS_NextIndex	16	static
../Core/Src/gps.c:31:17:GPS_SplitFields	32	static
../Core/Src/gps.c:63:14:GPS_ParseLatitude	32	static
../Core/Src/gps.c:88:14:GPS_ParseLongitude	32	static
../Core/Src/gps.c:113:13:GPS_ParseRMC	232	static
../Core/Src/gps.c:140:13:GPS_ParseGGA	232	static
../Core/Src/gps.c:166:13:GPS_ParseVTG	232	static
../Core/Src/gps.c:187:13:GPS_HandleSentence	16	static
../Core/Src/gps.c:208:19:GPS_Init	16	static
../Core/Src/gps.c:234:19:GPS_StartReceiveIT	8	static
../Core/Src/gps.c:244:6:GPS_UART_RxCpltCallback	24	static
../Core/Src/gps.c:267:6:GPS_Process	16	static
