../Core/Src/gps.c:87:15:GPS_BoundedStringLength	24	static
../Core/Src/gps.c:104:13:GPS_BuildCommandFromText	32	static
../Core/Src/gps.c:145:13:GPS_AllowImmediateRetry	8	static
../Core/Src/gps.c:150:17:GPS_NextIndex	16	static
../Core/Src/gps.c:155:17:GPS_NextUart2TxIndex	16	static
../Core/Src/gps.c:160:13:GPS_UpdateUartDiagState	4	static
../Core/Src/gps.c:179:13:GPS_SampleRxPinLevel	16	static
../Core/Src/gps.c:192:13:GPS_ResetRxState	8	static
../Core/Src/gps.c:208:26:GPS_StartReceiveDma	16	static
../Core/Src/gps.c:235:13:GPS_DrainRxDma	16	static
../Core/Src/gps.c:284:13:GPS_QueueMirrorBytesToUart2	32	static,ignoring_inline_asm
../Core/Src/gps.c:325:13:GPS_KickUart2Tx	32	static,ignoring_inline_asm
../Core/Src/gps.c:382:26:GPS_TransmitDmaSync	32	static
../Core/Src/gps.c:438:26:GPS_SendCommand	48	static
../Core/Src/gps.c:466:13:GPS_MirrorCommandToUart2	96	static
../Core/Src/gps.c:494:13:GPS_MirrorSentenceToUart2	152	static
../Core/Src/gps.c:521:13:GPS_MirrorDataCsvToUart2	4	static
../Core/Src/gps.c:555:13:GPS_PushByte	24	static
../Core/Src/gps.c:569:17:GPS_SplitFields	32	static
../Core/Src/gps.c:601:14:GPS_ParseLatitude	32	static
../Core/Src/gps.c:626:14:GPS_ParseLongitude	32	static
../Core/Src/gps.c:651:13:GPS_ParseRMC	232	static
../Core/Src/gps.c:678:13:GPS_ParseGGA	232	static
../Core/Src/gps.c:704:13:GPS_ParseVTG	232	static
../Core/Src/gps.c:725:13:GPS_ParsePQTMTAR	216	static
../Core/Src/gps.c:758:13:GPS_ParsePAIR001	184	static
../Core/Src/gps.c:777:13:GPS_ParsePQTMCFGMSGRATE	192	static
../Core/Src/gps.c:854:13:GPS_HandleSentence	16	static
../Core/Src/gps.c:887:19:GPS_Init	56	static
../Core/Src/gps.c:1040:19:GPS_StartReceiveIT	16	static
../Core/Src/gps.c:1058:6:GPS_UART_RxHalfCpltCallback	16	static
../Core/Src/gps.c:1068:6:GPS_UART_RxCpltCallback	16	static
../Core/Src/gps.c:1078:6:GPS_UART_TxCpltCallback	16	static
../Core/Src/gps.c:1097:6:GPS_Process	16	static
../Core/Src/gps.c:1136:13:GPS_ProcessLiveCommandText	144	static
../Core/Src/gps.c:1158:13:GPS_ProcessLiveCommand	144	static
../Core/Src/gps.c:1190:13:GPS_ProcessPendingBytes	16	static
