../Core/Src/gps.c:29:17:GPS_NextIndex	16	static
../Core/Src/gps.c:34:26:GPS_RearmReceiveIT	16	static
../Core/Src/gps.c:53:17:GPS_SplitFields	32	static
../Core/Src/gps.c:85:14:GPS_ParseLatitude	32	static
../Core/Src/gps.c:110:14:GPS_ParseLongitude	32	static
../Core/Src/gps.c:135:13:GPS_ParseRMC	232	static
../Core/Src/gps.c:162:13:GPS_ParseGGA	232	static
../Core/Src/gps.c:188:13:GPS_ParseVTG	232	static
../Core/Src/gps.c:209:13:GPS_ParsePQTMTAR	216	static
../Core/Src/gps.c:237:13:GPS_HandleSentence	16	static
../Core/Src/gps.c:262:19:GPS_Init	16	static
../Core/Src/gps.c:294:19:GPS_StartReceiveIT	8	static
../Core/Src/gps.c:304:6:GPS_UART_RxCpltCallback	24	static
../Core/Src/gps.c:327:6:GPS_Process	16	static
