../Core/Src/imu.c:23:13:IMU_CS_Low	8	static
../Core/Src/imu.c:27:13:IMU_CS_High	8	static
../Core/Src/imu.c:31:26:IMU_ReadReg	32	static
../Core/Src/imu.c:60:26:IMU_WriteReg	24	static
../Core/Src/imu.c:82:26:IMU_ReadMulti	24	static
../Core/Src/imu.c:107:19:IMU_CheckWhoAmI	16	static
../Core/Src/imu.c:111:19:IMU_Init	24	static
../Core/Src/imu.c:145:19:IMU_ReadAxes	40	static
../Core/Src/imu.c:170:9:IMU_IsBusy	4	static
../Core/Src/imu.c:174:19:IMU_StartReadAxes	16	static
../Core/Src/imu.c:197:9:IMU_PollReadAxes	24	static
../Core/Src/imu.c:218:6:HAL_SPI_TxRxCpltCallback	24	static
../Core/Src/imu.c:238:6:HAL_SPI_ErrorCallback	16	static
