../Core/Src/main.c:131:6:HAL_UART_RxHalfCpltCallback	16	static
../Core/Src/main.c:135:6:HAL_UART_RxCpltCallback	16	static
../Core/Src/main.c:139:6:HAL_UART_TxCpltCallback	16	static
../Core/Src/main.c:143:6:HAL_UART_ErrorCallback	16	static
../Core/Src/main.c:151:6:HAL_UART_AbortCpltCallback	16	static
../Core/Src/main.c:162:5:main	48	static
../Core/Src/main.c:462:6:SystemClock_Config	104	static
../Core/Src/main.c:511:13:MX_FDCAN1_Init	8	static
../Core/Src/main.c:554:13:MX_ICACHE_Init	8	static
../Core/Src/main.c:582:13:MX_SPI1_Init	8	static
../Core/Src/main.c:622:13:MX_USART1_UART_Init	8	static
../Core/Src/main.c:670:13:MX_USART2_UART_Init	8	static
../Core/Src/main.c:718:13:MX_USART3_UART_Init	8	static
../Core/Src/main.c:764:13:MX_DMA_Init	16	static
../Core/Src/main.c:795:13:MX_GPIO_Init	40	static
../Core/Src/main.c:853:6:Error_Handler	4	static,ignoring_inline_asm
