../Core/Src/main.c:119:6:HAL_UART_RxCpltCallback	16	static
../Core/Src/main.c:124:6:HAL_UART_ErrorCallback	16	static
../Core/Src/main.c:132:6:HAL_UART_AbortCpltCallback	16	static
../Core/Src/main.c:143:5:main	48	static
../Core/Src/main.c:267:6:SystemClock_Config	104	static
../Core/Src/main.c:318:13:MX_FDCAN1_Init	8	static
../Core/Src/main.c:361:13:MX_ICACHE_Init	8	static
../Core/Src/main.c:389:13:MX_SPI1_Init	8	static
../Core/Src/main.c:429:13:MX_UART4_Init	8	static
../Core/Src/main.c:477:13:MX_USART1_UART_Init	8	static
../Core/Src/main.c:525:13:MX_GPIO_Init	40	static
../Core/Src/main.c:576:6:Error_Handler	4	static,ignoring_inline_asm
