../Core/Src/main.c:122:20:GPS_QualityText	16	static
../Core/Src/main.c:139:13:GPS_LogSnapshotUart2	592	static
../Core/Src/main.c:178:6:HAL_UART_RxCpltCallback	16	static
../Core/Src/main.c:185:6:HAL_UART_ErrorCallback	16	static
../Core/Src/main.c:192:6:HAL_UART_AbortCpltCallback	16	static
../Core/Src/main.c:203:5:main	48	static
../Core/Src/main.c:334:6:SystemClock_Config	104	static
../Core/Src/main.c:385:13:MX_FDCAN1_Init	8	static
../Core/Src/main.c:428:13:MX_ICACHE_Init	8	static
../Core/Src/main.c:456:13:MX_SPI1_Init	8	static
../Core/Src/main.c:496:13:MX_USART2_UART_Init	8	static
../Core/Src/main.c:544:13:MX_USART3_UART_Init	8	static
../Core/Src/main.c:592:13:MX_GPIO_Init	40	static
../Core/Src/main.c:632:6:Error_Handler	4	static,ignoring_inline_asm
