../Core/Src/main.c:100:6:HAL_UART_RxHalfCpltCallback	16	static
../Core/Src/main.c:104:6:HAL_UART_RxCpltCallback	16	static
../Core/Src/main.c:108:6:HAL_UART_TxCpltCallback	16	static
../Core/Src/main.c:112:6:HAL_UART_ErrorCallback	16	static
../Core/Src/main.c:124:5:main	48	static
../Core/Src/main.c:221:6:SystemClock_Config	104	static
../Core/Src/main.c:270:13:MX_FDCAN1_Init	8	static
../Core/Src/main.c:313:13:MX_I2C2_Init	8	static
../Core/Src/main.c:361:13:MX_ICACHE_Init	8	static
../Core/Src/main.c:389:13:MX_SPI1_Init	8	static
../Core/Src/main.c:429:13:MX_USART1_UART_Init	8	static
../Core/Src/main.c:477:13:MX_USART2_UART_Init	8	static
../Core/Src/main.c:523:13:MX_DMA_Init	16	static
../Core/Src/main.c:548:13:MX_GPIO_Init	40	static
../Core/Src/main.c:615:6:Error_Handler	4	static,ignoring_inline_asm
