../Core/Src/main.c:128:6:HAL_UART_RxHalfCpltCallback	16	static
../Core/Src/main.c:132:6:HAL_UART_RxCpltCallback	16	static
../Core/Src/main.c:136:6:HAL_UART_TxCpltCallback	16	static
../Core/Src/main.c:140:6:HAL_UART_ErrorCallback	16	static
../Core/Src/main.c:148:6:HAL_UART_AbortCpltCallback	16	static
../Core/Src/main.c:159:5:main	48	static
../Core/Src/main.c:449:6:SystemClock_Config	104	static
../Core/Src/main.c:498:13:MX_FDCAN1_Init	8	static
../Core/Src/main.c:541:13:MX_ICACHE_Init	8	static
../Core/Src/main.c:569:13:MX_SPI1_Init	8	static
../Core/Src/main.c:609:13:MX_USART1_UART_Init	8	static
../Core/Src/main.c:657:13:MX_USART2_UART_Init	8	static
../Core/Src/main.c:705:13:MX_USART3_UART_Init	8	static
../Core/Src/main.c:751:13:MX_DMA_Init	16	static
../Core/Src/main.c:776:13:MX_GPIO_Init	40	static
../Core/Src/main.c:834:6:Error_Handler	4	static,ignoring_inline_asm
