../Core/Src/main.c:148:13:GNSS_RefreshPinStates	8	static
../Core/Src/main.c:159:13:GNSS_SetWakePinsHigh	8	static
../Core/Src/main.c:165:13:GNSS_SetResetPins	16	static
../Core/Src/main.c:172:26:GNSS_SendCommand	16	static
../Core/Src/main.c:182:26:GNSS_SendBasePqtmtarCommand	16	static
../Core/Src/main.c:191:26:GNSS_ProgramModules	16	static
../Core/Src/main.c:248:20:GPS_QualityText	16	static
../Core/Src/main.c:265:13:GPS_LogSnapshotUart2	592	static
../Core/Src/main.c:304:6:HAL_UART_RxCpltCallback	16	static
../Core/Src/main.c:311:6:HAL_UART_ErrorCallback	16	static
../Core/Src/main.c:318:6:HAL_UART_AbortCpltCallback	16	static
../Core/Src/main.c:329:5:main	48	static
../Core/Src/main.c:457:6:SystemClock_Config	104	static
../Core/Src/main.c:508:13:MX_FDCAN1_Init	8	static
../Core/Src/main.c:551:13:MX_ICACHE_Init	8	static
../Core/Src/main.c:579:13:MX_SPI1_Init	8	static
../Core/Src/main.c:619:13:MX_USART1_UART_Init	8	static
../Core/Src/main.c:667:13:MX_USART2_UART_Init	8	static
../Core/Src/main.c:715:13:MX_USART3_UART_Init	8	static
../Core/Src/main.c:763:13:MX_GPIO_Init	40	static
../Core/Src/main.c:819:6:Error_Handler	4	static,ignoring_inline_asm
