../Core/Src/main.c:160:6:HAL_UART_RxHalfCpltCallback	16	static
../Core/Src/main.c:164:6:HAL_UART_RxCpltCallback	16	static
../Core/Src/main.c:168:6:HAL_UART_TxCpltCallback	16	static
../Core/Src/main.c:172:6:HAL_UART_ErrorCallback	16	static
../Core/Src/main.c:188:6:HAL_UART_AbortCpltCallback	16	static
../Core/Src/main.c:203:17:Rover_Crc24q	24	static
../Core/Src/main.c:216:13:Rover_OnFrame	88	static
../Core/Src/main.c:237:13:Rover_FeedByte	24	static
../Core/Src/main.c:295:13:Rover_DrainDmaRx	16	static
../Core/Src/main.c:311:13:Rover_DrainingDelay	24	static
../Core/Src/main.c:324:5:main	224	static
../Core/Src/main.c:780:6:SystemClock_Config	104	static
../Core/Src/main.c:829:13:MX_FDCAN1_Init	8	static
../Core/Src/main.c:872:13:MX_ICACHE_Init	8	static
../Core/Src/main.c:900:13:MX_SPI1_Init	8	static
../Core/Src/main.c:940:13:MX_USART1_UART_Init	8	static
../Core/Src/main.c:988:13:MX_USART2_UART_Init	8	static
../Core/Src/main.c:1036:13:MX_USART3_UART_Init	8	static
../Core/Src/main.c:1082:13:MX_DMA_Init	16	static
../Core/Src/main.c:1110:13:MX_GPIO_Init	40	static
../Core/Src/main.c:1186:6:Error_Handler	4	static,ignoring_inline_asm
