../Core/Src/main.c:131:6:HAL_UART_RxHalfCpltCallback	1
../Core/Src/main.c:135:6:HAL_UART_RxCpltCallback	1
../Core/Src/main.c:139:6:HAL_UART_TxCpltCallback	1
../Core/Src/main.c:143:6:HAL_UART_ErrorCallback	3
../Core/Src/main.c:151:6:HAL_UART_AbortCpltCallback	3
../Core/Src/main.c:162:5:main	12
../Core/Src/main.c:462:6:SystemClock_Config	4
../Core/Src/main.c:511:13:MX_FDCAN1_Init	2
../Core/Src/main.c:554:13:MX_ICACHE_Init	2
../Core/Src/main.c:582:13:MX_SPI1_Init	2
../Core/Src/main.c:622:13:MX_USART1_UART_Init	5
../Core/Src/main.c:670:13:MX_USART2_UART_Init	5
../Core/Src/main.c:718:13:MX_USART3_UART_Init	5
../Core/Src/main.c:764:13:MX_DMA_Init	1
../Core/Src/main.c:795:13:MX_GPIO_Init	1
../Core/Src/main.c:853:6:Error_Handler	1
