../Core/Src/main.c:144:6:HAL_UART_RxCpltCallback	1
../Core/Src/main.c:149:6:HAL_UART_ErrorCallback	2
../Core/Src/main.c:156:6:HAL_UART_AbortCpltCallback	2
../Core/Src/main.c:162:13:GPS2_USART3_TX_Pin_AF	1
../Core/Src/main.c:176:13:GPS2_USART3_TX_Pin_Analog	1
../Core/Src/main.c:188:13:GPS2_PB10_SlowToggleTest	3
../Core/Src/main.c:227:13:GPS_DelayProcess	2
../Core/Src/main.c:237:26:GPS2_CommandWindowBegin	5
../Core/Src/main.c:281:26:GPS2_SendCommandWindowed	3
../Core/Src/main.c:303:26:GPS2_CommandWindowEnd	5
../Core/Src/main.c:339:5:main	14
../Core/Src/main.c:570:6:SystemClock_Config	4
../Core/Src/main.c:621:13:MX_FDCAN1_Init	2
../Core/Src/main.c:664:13:MX_ICACHE_Init	2
../Core/Src/main.c:692:13:MX_SPI1_Init	2
../Core/Src/main.c:732:13:MX_USART3_UART_Init	5
../Core/Src/main.c:780:13:MX_GPIO_Init	1
../Core/Src/main.c:849:6:Error_Handler	1
