../Core/Src/main.c:117:6:HAL_UART_RxCpltCallback	16	static
../Core/Src/main.c:122:6:HAL_UART_ErrorCallback	16	static
../Core/Src/main.c:129:6:HAL_UART_AbortCpltCallback	16	static
../Core/Src/main.c:140:5:main	48	static
../Core/Src/main.c:262:6:SystemClock_Config	104	static
../Core/Src/main.c:310:13:MX_FDCAN1_Init	8	static
../Core/Src/main.c:351:13:MX_ICACHE_Init	8	static
../Core/Src/main.c:377:13:MX_SPI1_Init	8	static
../Core/Src/main.c:415:13:MX_UART4_Init	8	static
../Core/Src/main.c:460:13:MX_GPIO_Init	40	static
../Core/Src/main.c:510:6:Error_Handler	4	static,ignoring_inline_asm
