../Core/Src/main.c:125:6:HAL_UART_RxHalfCpltCallback	16	static
../Core/Src/main.c:129:6:HAL_UART_RxCpltCallback	16	static
../Core/Src/main.c:133:6:HAL_UART_TxCpltCallback	16	static
../Core/Src/main.c:137:6:HAL_UART_ErrorCallback	16	static
../Core/Src/main.c:149:5:main	48	static
../Core/Src/main.c:265:6:SystemClock_Config	104	static
../Core/Src/main.c:314:13:MX_FDCAN1_Init	8	static
../Core/Src/main.c:357:13:MX_I2C2_Init	8	static
../Core/Src/main.c:405:13:MX_ICACHE_Init	8	static
../Core/Src/main.c:433:13:MX_SPI1_Init	8	static
../Core/Src/main.c:473:13:MX_USART1_UART_Init	8	static
../Core/Src/main.c:521:13:MX_USART2_UART_Init	8	static
../Core/Src/main.c:567:13:MX_DMA_Init	16	static
../Core/Src/main.c:598:13:MX_GPIO_Init	40	static
../Core/Src/main.c:665:6:Error_Handler	4	static,ignoring_inline_asm
