../Core/Src/sensorfusion.c:44:13:SensorFusion_ResetCovariance	24	static
../Core/Src/sensorfusion.c:61:13:SensorFusion_SymmetrizeCovariance	24	static
../Core/Src/sensorfusion.c:77:13:SensorFusion_LatLonToLocal	24	static
../Core/Src/sensorfusion.c:87:13:SensorFusion_LocalToLatLon	24	static
../Core/Src/sensorfusion.c:100:13:SensorFusion_SetVelocityFromGps	16	static
../Core/Src/sensorfusion.c:118:13:SensorFusion_SetReferenceFromGps	8	static
../Core/Src/sensorfusion.c:136:14:SensorFusion_GetGpsPositionVariance	16	static
../Core/Src/sensorfusion.c:154:13:SensorFusion_Predict	272	static
../Core/Src/sensorfusion.c:217:13:SensorFusion_UpdatePosition	184	static
../Core/Src/sensorfusion.c:270:13:SensorFusion_UpdateVelocity	184	static
../Core/Src/sensorfusion.c:323:13:SensorFusion_UpdateOutputs	16	static
../Core/Src/sensorfusion.c:356:19:SensorFusion_Init	8	static
../Core/Src/sensorfusion.c:378:6:SensorFusion_Update	64	static
