../Drivers/STM32L5xx_HAL_Driver/Src/stm32l5xx_hal_pwr_ex.c:100:10:HAL_PWREx_GetVoltageRange	4	static
../Drivers/STM32L5xx_HAL_Driver/Src/stm32l5xx_hal_pwr_ex.c:129:19:HAL_PWREx_ControlVoltageScaling	24	static
../Drivers/STM32L5xx_HAL_Driver/Src/stm32l5xx_hal_pwr_ex.c:177:6:HAL_PWREx_EnableBatteryCharging	16	static
../Drivers/STM32L5xx_HAL_Driver/Src/stm32l5xx_hal_pwr_ex.c:191:6:HAL_PWREx_DisableBatteryCharging	4	static
../Drivers/STM32L5xx_HAL_Driver/Src/stm32l5xx_hal_pwr_ex.c:201:6:HAL_PWREx_EnableVddUSB	4	static
../Drivers/STM32L5xx_HAL_Driver/Src/stm32l5xx_hal_pwr_ex.c:209:6:HAL_PWREx_DisableVddUSB	4	static
../Drivers/STM32L5xx_HAL_Driver/Src/stm32l5xx_hal_pwr_ex.c:219:6:HAL_PWREx_EnableVddIO2	4	static
../Drivers/STM32L5xx_HAL_Driver/Src/stm32l5xx_hal_pwr_ex.c:227:6:HAL_PWREx_DisableVddIO2	4	static
../Drivers/STM32L5xx_HAL_Driver/Src/stm32l5xx_hal_pwr_ex.c:252:19:HAL_PWREx_EnableGPIOPullUp	24	static
../Drivers/STM32L5xx_HAL_Driver/Src/stm32l5xx_hal_pwr_ex.c:315:19:HAL_PWREx_DisableGPIOPullUp	24	static
../Drivers/STM32L5xx_HAL_Driver/Src/stm32l5xx_hal_pwr_ex.c:376:19:HAL_PWREx_EnableGPIOPullDown	24	static
../Drivers/STM32L5xx_HAL_Driver/Src/stm32l5xx_hal_pwr_ex.c:440:19:HAL_PWREx_DisableGPIOPullDown	24	static
../Drivers/STM32L5xx_HAL_Driver/Src/stm32l5xx_hal_pwr_ex.c:491:6:HAL_PWREx_EnablePullUpPullDownConfig	4	static
../Drivers/STM32L5xx_HAL_Driver/Src/stm32l5xx_hal_pwr_ex.c:501:6:HAL_PWREx_DisablePullUpPullDownConfig	4	static
../Drivers/STM32L5xx_HAL_Driver/Src/stm32l5xx_hal_pwr_ex.c:514:19:HAL_PWREx_ConfigSRAM2ContentRetention	16	static
../Drivers/STM32L5xx_HAL_Driver/Src/stm32l5xx_hal_pwr_ex.c:531:6:HAL_PWREx_EnableSRAM2ContentRetention	8	static
../Drivers/STM32L5xx_HAL_Driver/Src/stm32l5xx_hal_pwr_ex.c:541:6:HAL_PWREx_DisableSRAM2ContentRetention	8	static
../Drivers/STM32L5xx_HAL_Driver/Src/stm32l5xx_hal_pwr_ex.c:549:6:HAL_PWREx_EnablePVM1	4	static
../Drivers/STM32L5xx_HAL_Driver/Src/stm32l5xx_hal_pwr_ex.c:557:6:HAL_PWREx_DisablePVM1	4	static
../Drivers/STM32L5xx_HAL_Driver/Src/stm32l5xx_hal_pwr_ex.c:565:6:HAL_PWREx_EnablePVM2	4	static
../Drivers/STM32L5xx_HAL_Driver/Src/stm32l5xx_hal_pwr_ex.c:573:6:HAL_PWREx_DisablePVM2	4	static
../Drivers/STM32L5xx_HAL_Driver/Src/stm32l5xx_hal_pwr_ex.c:581:6:HAL_PWREx_EnablePVM3	4	static
../Drivers/STM32L5xx_HAL_Driver/Src/stm32l5xx_hal_pwr_ex.c:589:6:HAL_PWREx_DisablePVM3	4	static
../Drivers/STM32L5xx_HAL_Driver/Src/stm32l5xx_hal_pwr_ex.c:597:6:HAL_PWREx_EnablePVM4	4	static
../Drivers/STM32L5xx_HAL_Driver/Src/stm32l5xx_hal_pwr_ex.c:605:6:HAL_PWREx_DisablePVM4	4	static
../Drivers/STM32L5xx_HAL_Driver/Src/stm32l5xx_hal_pwr_ex.c:621:19:HAL_PWREx_ConfigPVM	24	static
../Drivers/STM32L5xx_HAL_Driver/Src/stm32l5xx_hal_pwr_ex.c:758:6:HAL_PWREx_EnableLowPowerRunMode	4	static
../Drivers/STM32L5xx_HAL_Driver/Src/stm32l5xx_hal_pwr_ex.c:771:19:HAL_PWREx_DisableLowPowerRunMode	16	static
../Drivers/STM32L5xx_HAL_Driver/Src/stm32l5xx_hal_pwr_ex.c:814:6:HAL_PWREx_EnterSTOP0Mode	16	static,ignoring_inline_asm
../Drivers/STM32L5xx_HAL_Driver/Src/stm32l5xx_hal_pwr_ex.c:860:6:HAL_PWREx_EnterSTOP1Mode	16	static,ignoring_inline_asm
../Drivers/STM32L5xx_HAL_Driver/Src/stm32l5xx_hal_pwr_ex.c:907:6:HAL_PWREx_EnterSTOP2Mode	16	static,ignoring_inline_asm
../Drivers/STM32L5xx_HAL_Driver/Src/stm32l5xx_hal_pwr_ex.c:941:6:HAL_PWREx_EnterSHUTDOWNMode	4	static,ignoring_inline_asm
../Drivers/STM32L5xx_HAL_Driver/Src/stm32l5xx_hal_pwr_ex.c:958:6:HAL_PWREx_PVD_PVM_IRQHandler	16	static
../Drivers/STM32L5xx_HAL_Driver/Src/stm32l5xx_hal_pwr_ex.c:1017:13:HAL_PWREx_PVM1Callback	4	static
../Drivers/STM32L5xx_HAL_Driver/Src/stm32l5xx_hal_pwr_ex.c:1027:13:HAL_PWREx_PVM2Callback	4	static
../Drivers/STM32L5xx_HAL_Driver/Src/stm32l5xx_hal_pwr_ex.c:1037:13:HAL_PWREx_PVM3Callback	4	static
../Drivers/STM32L5xx_HAL_Driver/Src/stm32l5xx_hal_pwr_ex.c:1047:13:HAL_PWREx_PVM4Callback	4	static
../Drivers/STM32L5xx_HAL_Driver/Src/stm32l5xx_hal_pwr_ex.c:1058:6:HAL_PWREx_EnableUCPDStandbyMode	4	static
../Drivers/STM32L5xx_HAL_Driver/Src/stm32l5xx_hal_pwr_ex.c:1070:6:HAL_PWREx_DisableUCPDStandbyMode	4	static
../Drivers/STM32L5xx_HAL_Driver/Src/stm32l5xx_hal_pwr_ex.c:1082:6:HAL_PWREx_EnableUCPDDeadBattery	4	static
../Drivers/STM32L5xx_HAL_Driver/Src/stm32l5xx_hal_pwr_ex.c:1098:6:HAL_PWREx_DisableUCPDDeadBattery	4	static
../Drivers/STM32L5xx_HAL_Driver/Src/stm32l5xx_hal_pwr_ex.c:1109:6:HAL_PWREx_EnableUltraLowPowerMode	4	static
../Drivers/STM32L5xx_HAL_Driver/Src/stm32l5xx_hal_pwr_ex.c:1119:6:HAL_PWREx_DisableUltraLowPowerMode	4	static
../Drivers/STM32L5xx_HAL_Driver/Src/stm32l5xx_hal_pwr_ex.c:1163:19:HAL_PWREx_SMPS_SetMode	32	static
../Drivers/STM32L5xx_HAL_Driver/Src/stm32l5xx_hal_pwr_ex.c:1221:10:HAL_PWREx_SMPS_GetEffectiveMode	16	static
../Drivers/STM32L5xx_HAL_Driver/Src/stm32l5xx_hal_pwr_ex.c:1242:6:HAL_PWREx_SMPS_EnableFastStart	4	static
../Drivers/STM32L5xx_HAL_Driver/Src/stm32l5xx_hal_pwr_ex.c:1251:6:HAL_PWREx_SMPS_DisableFastStart	4	static
../Drivers/STM32L5xx_HAL_Driver/Src/stm32l5xx_hal_pwr_ex.c:1260:6:HAL_PWREx_SMPS_DisableBypassMode	4	static
../Drivers/STM32L5xx_HAL_Driver/Src/stm32l5xx_hal_pwr_ex.c:1269:6:HAL_PWREx_SMPS_EnableBypassMode	4	static
../Drivers/STM32L5xx_HAL_Driver/Src/stm32l5xx_hal_pwr_ex.c:1278:6:HAL_PWREx_SMPS_EnableExternal	4	static
../Drivers/STM32L5xx_HAL_Driver/Src/stm32l5xx_hal_pwr_ex.c:1287:6:HAL_PWREx_SMPS_DisableExternal	4	static
../Drivers/STM32L5xx_HAL_Driver/Src/stm32l5xx_hal_pwr_ex.c:1297:10:HAL_PWREx_SMPS_GetMainRegulatorExtSMPSReadyStatus	16	static
