../Drivers/CMSIS/Include/core_cm33.h:2053:23:__NVIC_SetPriorityGrouping	24	static
../Drivers/CMSIS/Include/core_cm33.h:2070:27:__NVIC_GetPriorityGrouping	4	static
../Drivers/CMSIS/Include/core_cm33.h:2081:23:__NVIC_EnableIRQ	16	static,ignoring_inline_asm
../Drivers/CMSIS/Include/core_cm33.h:2115:23:__NVIC_DisableIRQ	16	static,ignoring_inline_asm
../Drivers/CMSIS/Include/core_cm33.h:2132:27:__NVIC_GetPendingIRQ	16	static
../Drivers/CMSIS/Include/core_cm33.h:2149:23:__NVIC_SetPendingIRQ	16	static
../Drivers/CMSIS/Include/core_cm33.h:2162:23:__NVIC_ClearPendingIRQ	16	static
../Drivers/CMSIS/Include/core_cm33.h:2177:27:__NVIC_GetActive	16	static
../Drivers/CMSIS/Include/core_cm33.h:2261:23:__NVIC_SetPriority	16	static
../Drivers/CMSIS/Include/core_cm33.h:2280:27:__NVIC_GetPriority	16	static
../Drivers/CMSIS/Include/core_cm33.h:2302:27:NVIC_EncodePriority	40	static
../Drivers/CMSIS/Include/core_cm33.h:2336:23:NVIC_DecodePriority	40	static
../Drivers/CMSIS/Include/core_cm33.h:2392:35:__NVIC_SystemReset	4	static,ignoring_inline_asm
../Drivers/CMSIS/Include/core_cm33.h:2698:26:SysTick_Config	16	static
../Drivers/STM32L5xx_HAL_Driver/Src/stm32l5xx_hal_cortex.c:170:6:HAL_NVIC_SetPriorityGrouping	16	static
../Drivers/STM32L5xx_HAL_Driver/Src/stm32l5xx_hal_cortex.c:191:6:HAL_NVIC_SetPriority	32	static
../Drivers/STM32L5xx_HAL_Driver/Src/stm32l5xx_hal_cortex.c:214:6:HAL_NVIC_EnableIRQ	16	static
../Drivers/STM32L5xx_HAL_Driver/Src/stm32l5xx_hal_cortex.c:229:6:HAL_NVIC_DisableIRQ	16	static
../Drivers/STM32L5xx_HAL_Driver/Src/stm32l5xx_hal_cortex.c:241:6:HAL_NVIC_SystemReset	8	static
../Drivers/STM32L5xx_HAL_Driver/Src/stm32l5xx_hal_cortex.c:253:10:HAL_SYSTICK_Config	16	static
../Drivers/STM32L5xx_HAL_Driver/Src/stm32l5xx_hal_cortex.c:280:10:HAL_NVIC_GetPriorityGrouping	8	static
../Drivers/STM32L5xx_HAL_Driver/Src/stm32l5xx_hal_cortex.c:304:6:HAL_NVIC_GetPriority	24	static
../Drivers/STM32L5xx_HAL_Driver/Src/stm32l5xx_hal_cortex.c:320:6:HAL_NVIC_SetPendingIRQ	16	static
../Drivers/STM32L5xx_HAL_Driver/Src/stm32l5xx_hal_cortex.c:334:10:HAL_NVIC_GetPendingIRQ	16	static
../Drivers/STM32L5xx_HAL_Driver/Src/stm32l5xx_hal_cortex.c:346:6:HAL_NVIC_ClearPendingIRQ	16	static
../Drivers/STM32L5xx_HAL_Driver/Src/stm32l5xx_hal_cortex.c:359:10:HAL_NVIC_GetActive	16	static
../Drivers/STM32L5xx_HAL_Driver/Src/stm32l5xx_hal_cortex.c:372:6:HAL_SYSTICK_CLKSourceConfig	16	static
../Drivers/STM32L5xx_HAL_Driver/Src/stm32l5xx_hal_cortex.c:386:6:HAL_SYSTICK_IRQHandler	8	static
../Drivers/STM32L5xx_HAL_Driver/Src/stm32l5xx_hal_cortex.c:394:13:HAL_SYSTICK_Callback	4	static
../Drivers/STM32L5xx_HAL_Driver/Src/stm32l5xx_hal_cortex.c:413:6:HAL_MPU_Enable	16	static,ignoring_inline_asm
../Drivers/STM32L5xx_HAL_Driver/Src/stm32l5xx_hal_cortex.c:432:6:HAL_MPU_Disable	4	static,ignoring_inline_asm
../Drivers/STM32L5xx_HAL_Driver/Src/stm32l5xx_hal_cortex.c:451:6:HAL_MPU_EnableRegion	16	static
../Drivers/STM32L5xx_HAL_Driver/Src/stm32l5xx_hal_cortex.c:466:6:HAL_MPU_DisableRegion	16	static
../Drivers/STM32L5xx_HAL_Driver/Src/stm32l5xx_hal_cortex.c:483:6:HAL_MPU_ConfigRegion	16	static
../Drivers/STM32L5xx_HAL_Driver/Src/stm32l5xx_hal_cortex.c:493:6:HAL_MPU_ConfigMemoryAttributes	16	static
../Drivers/STM32L5xx_HAL_Driver/Src/stm32l5xx_hal_cortex.c:613:13:MPU_ConfigRegion	16	static,ignoring_inline_asm
../Drivers/STM32L5xx_HAL_Driver/Src/stm32l5xx_hal_cortex.c:644:13:MPU_ConfigMemoryAttributes	32	static,ignoring_inline_asm
