../Drivers/STM32L5xx_HAL_Driver/Src/stm32l5xx_hal_rcc_ex.c:149:19:HAL_RCCEx_PeriphCLKConfig	40	static
../Drivers/STM32L5xx_HAL_Driver/Src/stm32l5xx_hal_rcc_ex.c:661:6:HAL_RCCEx_GetPeriphCLKConfig	16	static
../Drivers/STM32L5xx_HAL_Driver/Src/stm32l5xx_hal_rcc_ex.c:808:10:HAL_RCCEx_GetPeriphCLKFreq	40	static
../Drivers/STM32L5xx_HAL_Driver/Src/stm32l5xx_hal_rcc_ex.c:1602:19:HAL_RCCEx_EnablePLLSAI1	24	static
../Drivers/STM32L5xx_HAL_Driver/Src/stm32l5xx_hal_rcc_ex.c:1672:19:HAL_RCCEx_DisablePLLSAI1	16	static
../Drivers/STM32L5xx_HAL_Driver/Src/stm32l5xx_hal_rcc_ex.c:1706:19:HAL_RCCEx_EnablePLLSAI2	24	static
../Drivers/STM32L5xx_HAL_Driver/Src/stm32l5xx_hal_rcc_ex.c:1773:19:HAL_RCCEx_DisablePLLSAI2	16	static
../Drivers/STM32L5xx_HAL_Driver/Src/stm32l5xx_hal_rcc_ex.c:1811:6:HAL_RCCEx_WakeUpStopCLKConfig	16	static
../Drivers/STM32L5xx_HAL_Driver/Src/stm32l5xx_hal_rcc_ex.c:1828:6:HAL_RCCEx_StandbyMSIRangeConfig	16	static
../Drivers/STM32L5xx_HAL_Driver/Src/stm32l5xx_hal_rcc_ex.c:1841:6:HAL_RCCEx_EnableLSECSS	4	static
../Drivers/STM32L5xx_HAL_Driver/Src/stm32l5xx_hal_rcc_ex.c:1850:6:HAL_RCCEx_DisableLSECSS	4	static
../Drivers/STM32L5xx_HAL_Driver/Src/stm32l5xx_hal_rcc_ex.c:1858:6:HAL_RCCEx_LSECSS_IRQHandler	8	static
../Drivers/STM32L5xx_HAL_Driver/Src/stm32l5xx_hal_rcc_ex.c:1870:13:HAL_RCCEx_LSECSS_Callback	4	static
../Drivers/STM32L5xx_HAL_Driver/Src/stm32l5xx_hal_rcc_ex.c:1884:6:HAL_RCCEx_EnableLSCO	48	static
../Drivers/STM32L5xx_HAL_Driver/Src/stm32l5xx_hal_rcc_ex.c:1927:6:HAL_RCCEx_DisableLSCO	16	static
../Drivers/STM32L5xx_HAL_Driver/Src/stm32l5xx_hal_rcc_ex.c:1960:6:HAL_RCCEx_EnableMSIPLLMode	4	static
../Drivers/STM32L5xx_HAL_Driver/Src/stm32l5xx_hal_rcc_ex.c:1970:6:HAL_RCCEx_DisableMSIPLLMode	4	static
../Drivers/STM32L5xx_HAL_Driver/Src/stm32l5xx_hal_rcc_ex.c:2049:6:HAL_RCCEx_CRSConfig	24	static
../Drivers/STM32L5xx_HAL_Driver/Src/stm32l5xx_hal_rcc_ex.c:2091:6:HAL_RCCEx_CRSSoftwareSynchronizationGenerate	4	static
../Drivers/STM32L5xx_HAL_Driver/Src/stm32l5xx_hal_rcc_ex.c:2100:6:HAL_RCCEx_CRSGetSynchronizationInfo	16	static
../Drivers/STM32L5xx_HAL_Driver/Src/stm32l5xx_hal_rcc_ex.c:2137:10:HAL_RCCEx_CRSWaitSynchronization	32	static
../Drivers/STM32L5xx_HAL_Driver/Src/stm32l5xx_hal_rcc_ex.c:2215:6:HAL_RCCEx_CRS_IRQHandler	24	static
../Drivers/STM32L5xx_HAL_Driver/Src/stm32l5xx_hal_rcc_ex.c:2275:13:HAL_RCCEx_CRS_SyncOkCallback	4	static
../Drivers/STM32L5xx_HAL_Driver/Src/stm32l5xx_hal_rcc_ex.c:2285:13:HAL_RCCEx_CRS_SyncWarnCallback	4	static
../Drivers/STM32L5xx_HAL_Driver/Src/stm32l5xx_hal_rcc_ex.c:2295:13:HAL_RCCEx_CRS_ExpectedSyncCallback	4	static
../Drivers/STM32L5xx_HAL_Driver/Src/stm32l5xx_hal_rcc_ex.c:2310:13:HAL_RCCEx_CRS_ErrorCallback	16	static
../Drivers/STM32L5xx_HAL_Driver/Src/stm32l5xx_hal_rcc_ex.c:2333:26:RCCEx_PLLSource_Enable	24	static
../Drivers/STM32L5xx_HAL_Driver/Src/stm32l5xx_hal_rcc_ex.c:2426:26:RCCEx_PLLSAI1_Config	24	static
../Drivers/STM32L5xx_HAL_Driver/Src/stm32l5xx_hal_rcc_ex.c:2539:26:RCCEx_PLLSAI2_Config	24	static
../Drivers/STM32L5xx_HAL_Driver/Src/stm32l5xx_hal_rcc_ex.c:2633:17:RCCEx_PLLSAI1_GetVCOFreq	16	static
../Drivers/STM32L5xx_HAL_Driver/Src/stm32l5xx_hal_rcc_ex.c:2671:17:RCCEx_PLLSAI2_GetVCOFreq	16	static
../Drivers/STM32L5xx_HAL_Driver/Src/stm32l5xx_hal_rcc_ex.c:2714:17:RCCEx_GetSAIxPeriphCLKFreq	40	static
