../Drivers/STM32L5xx_HAL_Driver/Src/stm32l5xx_hal_rcc.c:240:19:HAL_RCC_DeInit	24	static
../Drivers/STM32L5xx_HAL_Driver/Src/stm32l5xx_hal_rcc.c:412:19:HAL_RCC_OscConfig	40	static
../Drivers/STM32L5xx_HAL_Driver/Src/stm32l5xx_hal_rcc.c:1026:19:HAL_RCC_ClockConfig	32	static
../Drivers/STM32L5xx_HAL_Driver/Src/stm32l5xx_hal_rcc.c:1248:6:HAL_RCC_MCOConfig	48	static
../Drivers/STM32L5xx_HAL_Driver/Src/stm32l5xx_hal_rcc.c:1307:10:HAL_RCC_GetSysClockFreq	40	static
../Drivers/STM32L5xx_HAL_Driver/Src/stm32l5xx_hal_rcc.c:1394:10:HAL_RCC_GetHCLKFreq	8	static
../Drivers/STM32L5xx_HAL_Driver/Src/stm32l5xx_hal_rcc.c:1405:10:HAL_RCC_GetPCLK1Freq	8	static
../Drivers/STM32L5xx_HAL_Driver/Src/stm32l5xx_hal_rcc.c:1417:10:HAL_RCC_GetPCLK2Freq	8	static
../Drivers/STM32L5xx_HAL_Driver/Src/stm32l5xx_hal_rcc.c:1430:6:HAL_RCC_GetOscConfig	16	static
../Drivers/STM32L5xx_HAL_Driver/Src/stm32l5xx_hal_rcc.c:1541:6:HAL_RCC_GetClockConfig	16	static
../Drivers/STM32L5xx_HAL_Driver/Src/stm32l5xx_hal_rcc.c:1578:6:HAL_RCC_EnableCSS	4	static
../Drivers/STM32L5xx_HAL_Driver/Src/stm32l5xx_hal_rcc.c:1587:6:HAL_RCC_NMI_IRQHandler	8	static
../Drivers/STM32L5xx_HAL_Driver/Src/stm32l5xx_hal_rcc.c:1602:13:HAL_RCC_CSSCallback	4	static
../Drivers/STM32L5xx_HAL_Driver/Src/stm32l5xx_hal_rcc.c:1614:10:HAL_RCC_GetResetSource	16	static
../Drivers/STM32L5xx_HAL_Driver/Src/stm32l5xx_hal_rcc.c:1658:6:HAL_RCC_ConfigAttributes	16	static
../Drivers/STM32L5xx_HAL_Driver/Src/stm32l5xx_hal_rcc.c:1706:19:HAL_RCC_GetConfigAttributes	24	static
../Drivers/STM32L5xx_HAL_Driver/Src/stm32l5xx_hal_rcc.c:1768:26:RCC_SetFlashLatencyFromMSIRange	32	static
../Drivers/STM32L5xx_HAL_Driver/Src/stm32l5xx_hal_rcc.c:1825:17:RCC_GetSysClockFreqFromPLLSource	32	static
