../Drivers/STM32L5xx_HAL_Driver/Src/stm32l5xx_hal_fdcan.c:295:19:HAL_FDCAN_Init	24	static
../Drivers/STM32L5xx_HAL_Driver/Src/stm32l5xx_hal_fdcan.c:516:19:HAL_FDCAN_DeInit	16	static
../Drivers/STM32L5xx_HAL_Driver/Src/stm32l5xx_hal_fdcan.c:561:13:HAL_FDCAN_MspInit	16	static
../Drivers/STM32L5xx_HAL_Driver/Src/stm32l5xx_hal_fdcan.c:575:13:HAL_FDCAN_MspDeInit	16	static
../Drivers/STM32L5xx_HAL_Driver/Src/stm32l5xx_hal_fdcan.c:589:19:HAL_FDCAN_EnterPowerDownMode	24	static
../Drivers/STM32L5xx_HAL_Driver/Src/stm32l5xx_hal_fdcan.c:621:19:HAL_FDCAN_ExitPowerDownMode	24	static
../Drivers/STM32L5xx_HAL_Driver/Src/stm32l5xx_hal_fdcan.c:1267:19:HAL_FDCAN_ConfigFilter	32	static
../Drivers/STM32L5xx_HAL_Driver/Src/stm32l5xx_hal_fdcan.c:1354:19:HAL_FDCAN_ConfigGlobalFilter	24	static
../Drivers/STM32L5xx_HAL_Driver/Src/stm32l5xx_hal_fdcan.c:1387:19:HAL_FDCAN_ConfigExtendedIdMask	16	static
../Drivers/STM32L5xx_HAL_Driver/Src/stm32l5xx_hal_fdcan.c:1418:19:HAL_FDCAN_ConfigRxFifoOverwrite	24	static
../Drivers/STM32L5xx_HAL_Driver/Src/stm32l5xx_hal_fdcan.c:1455:19:HAL_FDCAN_ConfigRamWatchdog	16	static
../Drivers/STM32L5xx_HAL_Driver/Src/stm32l5xx_hal_fdcan.c:1482:19:HAL_FDCAN_ConfigTimestampCounter	16	static
../Drivers/STM32L5xx_HAL_Driver/Src/stm32l5xx_hal_fdcan.c:1509:19:HAL_FDCAN_EnableTimestampCounter	16	static
../Drivers/STM32L5xx_HAL_Driver/Src/stm32l5xx_hal_fdcan.c:1534:19:HAL_FDCAN_DisableTimestampCounter	16	static
../Drivers/STM32L5xx_HAL_Driver/Src/stm32l5xx_hal_fdcan.c:1555:10:HAL_FDCAN_GetTimestampCounter	16	static
../Drivers/STM32L5xx_HAL_Driver/Src/stm32l5xx_hal_fdcan.c:1565:19:HAL_FDCAN_ResetTimestampCounter	16	static
../Drivers/STM32L5xx_HAL_Driver/Src/stm32l5xx_hal_fdcan.c:1592:19:HAL_FDCAN_ConfigTimeoutCounter	24	static
../Drivers/STM32L5xx_HAL_Driver/Src/stm32l5xx_hal_fdcan.c:1619:19:HAL_FDCAN_EnableTimeoutCounter	16	static
../Drivers/STM32L5xx_HAL_Driver/Src/stm32l5xx_hal_fdcan.c:1640:19:HAL_FDCAN_DisableTimeoutCounter	16	static
../Drivers/STM32L5xx_HAL_Driver/Src/stm32l5xx_hal_fdcan.c:1661:10:HAL_FDCAN_GetTimeoutCounter	16	static
../Drivers/STM32L5xx_HAL_Driver/Src/stm32l5xx_hal_fdcan.c:1671:19:HAL_FDCAN_ResetTimeoutCounter	16	static
../Drivers/STM32L5xx_HAL_Driver/Src/stm32l5xx_hal_fdcan.c:1697:19:HAL_FDCAN_ConfigTxDelayCompensation	24	static
../Drivers/STM32L5xx_HAL_Driver/Src/stm32l5xx_hal_fdcan.c:1724:19:HAL_FDCAN_EnableTxDelayCompensation	16	static
../Drivers/STM32L5xx_HAL_Driver/Src/stm32l5xx_hal_fdcan.c:1746:19:HAL_FDCAN_DisableTxDelayCompensation	16	static
../Drivers/STM32L5xx_HAL_Driver/Src/stm32l5xx_hal_fdcan.c:1769:19:HAL_FDCAN_EnableISOMode	16	static
../Drivers/STM32L5xx_HAL_Driver/Src/stm32l5xx_hal_fdcan.c:1791:19:HAL_FDCAN_DisableISOMode	16	static
../Drivers/STM32L5xx_HAL_Driver/Src/stm32l5xx_hal_fdcan.c:1813:19:HAL_FDCAN_EnableEdgeFiltering	16	static
../Drivers/STM32L5xx_HAL_Driver/Src/stm32l5xx_hal_fdcan.c:1835:19:HAL_FDCAN_DisableEdgeFiltering	16	static
../Drivers/STM32L5xx_HAL_Driver/Src/stm32l5xx_hal_fdcan.c:1891:19:HAL_FDCAN_Start	16	static
../Drivers/STM32L5xx_HAL_Driver/Src/stm32l5xx_hal_fdcan.c:1918:19:HAL_FDCAN_Stop	24	static
../Drivers/STM32L5xx_HAL_Driver/Src/stm32l5xx_hal_fdcan.c:1992:19:HAL_FDCAN_AddMessageToTxFifoQ	32	static
../Drivers/STM32L5xx_HAL_Driver/Src/stm32l5xx_hal_fdcan.c:2052:10:HAL_FDCAN_GetLatestTxFifoQRequestBuffer	16	static
../Drivers/STM32L5xx_HAL_Driver/Src/stm32l5xx_hal_fdcan.c:2066:19:HAL_FDCAN_AbortTxRequest	16	static
../Drivers/STM32L5xx_HAL_Driver/Src/stm32l5xx_hal_fdcan.c:2095:19:HAL_FDCAN_GetRxMessage	48	static
../Drivers/STM32L5xx_HAL_Driver/Src/stm32l5xx_hal_fdcan.c:2241:19:HAL_FDCAN_GetTxEvent	32	static
../Drivers/STM32L5xx_HAL_Driver/Src/stm32l5xx_hal_fdcan.c:2325:19:HAL_FDCAN_GetHighPriorityMessageStatus	16	static
../Drivers/STM32L5xx_HAL_Driver/Src/stm32l5xx_hal_fdcan.c:2346:19:HAL_FDCAN_GetProtocolStatus	24	static
../Drivers/STM32L5xx_HAL_Driver/Src/stm32l5xx_hal_fdcan.c:2384:19:HAL_FDCAN_GetErrorCounters	24	static
../Drivers/STM32L5xx_HAL_Driver/Src/stm32l5xx_hal_fdcan.c:2415:10:HAL_FDCAN_IsTxBufferMessagePending	16	static
../Drivers/STM32L5xx_HAL_Driver/Src/stm32l5xx_hal_fdcan.c:2437:10:HAL_FDCAN_GetRxFifoFillLevel	24	static
../Drivers/STM32L5xx_HAL_Driver/Src/stm32l5xx_hal_fdcan.c:2462:10:HAL_FDCAN_GetTxFifoFreeLevel	24	static
../Drivers/STM32L5xx_HAL_Driver/Src/stm32l5xx_hal_fdcan.c:2479:10:HAL_FDCAN_IsRestrictedOperationMode	24	static
../Drivers/STM32L5xx_HAL_Driver/Src/stm32l5xx_hal_fdcan.c:2495:19:HAL_FDCAN_ExitRestrictedOperationMode	24	static
../Drivers/STM32L5xx_HAL_Driver/Src/stm32l5xx_hal_fdcan.c:2544:19:HAL_FDCAN_ConfigInterruptLines	32	static
../Drivers/STM32L5xx_HAL_Driver/Src/stm32l5xx_hal_fdcan.c:2584:19:HAL_FDCAN_ActivateNotification	32	static
../Drivers/STM32L5xx_HAL_Driver/Src/stm32l5xx_hal_fdcan.c:2677:19:HAL_FDCAN_DeactivateNotification	32	static
../Drivers/STM32L5xx_HAL_Driver/Src/stm32l5xx_hal_fdcan.c:2772:6:HAL_FDCAN_IRQHandler	56	static
../Drivers/STM32L5xx_HAL_Driver/Src/stm32l5xx_hal_fdcan.c:3029:13:HAL_FDCAN_TxEventFifoCallback	16	static
../Drivers/STM32L5xx_HAL_Driver/Src/stm32l5xx_hal_fdcan.c:3048:13:HAL_FDCAN_RxFifo0Callback	16	static
../Drivers/STM32L5xx_HAL_Driver/Src/stm32l5xx_hal_fdcan.c:3067:13:HAL_FDCAN_RxFifo1Callback	16	static
../Drivers/STM32L5xx_HAL_Driver/Src/stm32l5xx_hal_fdcan.c:3084:13:HAL_FDCAN_TxFifoEmptyCallback	16	static
../Drivers/STM32L5xx_HAL_Driver/Src/stm32l5xx_hal_fdcan.c:3101:13:HAL_FDCAN_TxBufferCompleteCallback	16	static
../Drivers/STM32L5xx_HAL_Driver/Src/stm32l5xx_hal_fdcan.c:3120:13:HAL_FDCAN_TxBufferAbortCallback	16	static
../Drivers/STM32L5xx_HAL_Driver/Src/stm32l5xx_hal_fdcan.c:3137:13:HAL_FDCAN_TimestampWraparoundCallback	16	static
../Drivers/STM32L5xx_HAL_Driver/Src/stm32l5xx_hal_fdcan.c:3152:13:HAL_FDCAN_TimeoutOccurredCallback	16	static
../Drivers/STM32L5xx_HAL_Driver/Src/stm32l5xx_hal_fdcan.c:3167:13:HAL_FDCAN_HighPriorityMessageCallback	16	static
../Drivers/STM32L5xx_HAL_Driver/Src/stm32l5xx_hal_fdcan.c:3182:13:HAL_FDCAN_ErrorCallback	16	static
../Drivers/STM32L5xx_HAL_Driver/Src/stm32l5xx_hal_fdcan.c:3199:13:HAL_FDCAN_ErrorStatusCallback	16	static
../Drivers/STM32L5xx_HAL_Driver/Src/stm32l5xx_hal_fdcan.c:3235:24:HAL_FDCAN_GetState	16	static
../Drivers/STM32L5xx_HAL_Driver/Src/stm32l5xx_hal_fdcan.c:3246:10:HAL_FDCAN_GetError	16	static
../Drivers/STM32L5xx_HAL_Driver/Src/stm32l5xx_hal_fdcan.c:3269:13:FDCAN_CalcultateRamBlockAddresses	24	static
../Drivers/STM32L5xx_HAL_Driver/Src/stm32l5xx_hal_fdcan.c:3316:13:FDCAN_CopyMessageToRAM	40	static
